bold big italic strikethroughsub smallsup tt underline


---

range 0 5
0 15 weight bold
range 5 8
0 15 weight bold
5 8 scale 1.200000
range 8 9
0 15 weight bold
range 9 15
0 15 weight bold
9 15 style italic
range 15 16
range 16 29
16 41 strikethrough true
range 29 32
16 41 strikethrough true
29 32 font-scale subscript
29 32 baseline-shift subscript
range 32 33
16 41 strikethrough true
range 33 38
16 41 strikethrough true
33 38 scale 0.833333
range 38 41
16 41 strikethrough true
38 41 font-scale superscript
38 41 baseline-shift superscript
range 41 42
range 42 45
42 54 family "Monospace"
range 45 54
42 54 family "Monospace"
45 54 underline single
range 54 2147483647


---

[0:5] (null) Bold
[5:8] (null) Bold 0
[8:9] (null) Bold 0
[9:15] (null) Bold Italic 0
[15:16] (null) Bold Italic 0
[16:29] (null) Bold Italic 0
[29:32] (null) Bold Italic 0
[32:33] (null) Bold Italic 0
[33:38] (null) Bold Italic 0
[38:41] (null) Bold Italic 0
[41:42] (null) Bold Italic 0
[42:45] (null) Monospace Bold Italic 0
[45:54] (null) Monospace Bold Italic 0
[54:2147483647] (null) Monospace Bold Italic 0
