Bratwurst
--- parameters

wrapped: 0
ellipsized: 0
lines: 1
width: 102400

--- attributes

range 0 4
range 4 2147483647
4 4294967295 style italic
range 2147483647 2147483647

--- directions

0 0 0 0 0 0 0 0 0 

--- cursor positions

0(0) 1(0) 2(0) 3(0) 4(0) 5(0) 6(0) 7(0) 8(0) 8(1) 

--- lines

i=1, index=0, paragraph-start=1, dir=ltr 'Bratwurst'

--- runs

i=1, index=0, chars=4, level=0, gravity=south, flags=0, font=OMITTED, script=latin, language=en-us, 'Brat'
i=2, index=4, chars=5, level=0, gravity=south, flags=0, font=OMITTED, script=latin, language=en-us, 'wurst'
i=3, index=9, no run, line end
