你好 Hello שלום Γειά σας

--- parameters

wrapped: 0
ellipsized: 1
lines: 2
width: 166912

--- attributes

range 0 2147483647

--- directions

0 0 0 0 0 0 0 0 0 1 1 1 1 0 0 0 0 0 0 0 0 0 0 

--- cursor positions

0(0) 3(0) 6(0) 7(0) 8(0) 9(0) 10(0) 11(0) 12(0) 13(0) 19(0) 17(0) 15(0) 21(0) 22(0) 24(0) 26(0) 28(0) 30(0) 31(0) 33(0) 35(0) 35(1) 38(0) 

--- lines

i=1, index=0, paragraph-start=1, dir=ltr '你好 Hello שלום Γειά σας
'
i=2, index=38, paragraph-start=1, dir=ltr ''

--- runs

i=1, index=0, chars=1, level=0, gravity=south, flags=2, font=OMITTED, script=common, language=en-us, '你'
[0,2147483647]fallback=1
i=2, index=3, chars=1, level=0, gravity=south, flags=0, font=OMITTED, script=han, language=xx, '好'
i=3, index=6, chars=1, level=0, gravity=south, flags=0, font=OMITTED, script=han, language=xx, ' '
i=4, index=7, chars=6, level=0, gravity=south, flags=0, font=OMITTED, script=latin, language=en-us, 'Hello '
i=5, index=19, chars=4, level=1, gravity=south, flags=0, font=OMITTED, script=hebrew, language=he, 'שלום'
i=6, index=21, chars=1, level=0, gravity=south, flags=0, font=OMITTED, script=hebrew, language=he, ' '
i=7, index=22, chars=8, level=0, gravity=south, flags=0, font=OMITTED, script=greek, language=el, 'Γειά σας'
i=8, index=37, no run, line end
i=9, index=38, no run, line end
