 0️⃣ Keycap Digit Zero

--- parameters

wrapped: 0
ellipsized: 0
lines: 2

--- attributes

range 0 2147483647

--- directions

0 0 0 0 0 0 0 0 0 0 0 0 0 0 0 0 0 0 0 0 0 0 0 

--- cursor positions

0(0) 1(0) 8(0) 9(0) 10(0) 11(0) 12(0) 13(0) 14(0) 15(0) 16(0) 17(0) 18(0) 19(0) 20(0) 21(0) 22(0) 23(0) 24(0) 25(0) 25(1) 27(0) 

--- lines

i=1, index=0, paragraph-start=1, dir=ltr ' 0️⃣ Keycap Digit Zero
'
i=2, index=27, paragraph-start=1, dir=ltr ''

--- runs

i=1, index=0, chars=1, level=0, gravity=south, flags=0, font=OMITTED, script=latin, language=en-us, ' '
i=2, index=1, chars=3, level=0, gravity=south, flags=0, font=OMITTED, script=latin, language=en-us, '0️⃣'
i=3, index=8, chars=18, level=0, gravity=south, flags=0, font=OMITTED, script=latin, language=en-us, ' Keycap Digit Zero'
i=4, index=26, no run, line end
i=5, index=27, no run, line end
