This is a test of the automatic emergency brake!

--- parameters

wrapped: 0
ellipsized: 1
lines: 2
width: 204800
indent: 51200

--- attributes

range 0 22
range 22 41
[22,41]foreground=#00000000ffff
[22,41]underline=1
range 41 2147483647

--- directions

0 0 0 0 0 0 0 0 0 0 0 0 0 0 0 0 0 0 0 0 0 0 0 0 0 0 0 0 0 0 0 0 0 0 0 0 0 0 0 0 0 0 0 0 0 0 0 0 0 

--- cursor positions

0(0) 1(0) 2(0) 3(0) 4(0) 5(0) 6(0) 7(0) 8(0) 9(0) 10(0) 11(0) 12(0) 13(0) 14(0) 15(0) 16(0) 17(0) 18(0) 19(0) 20(0) 21(0) 22(0) 23(0) 24(0) 25(0) 26(0) 27(0) 28(0) 29(0) 30(0) 31(0) 32(0) 33(0) 34(0) 35(0) 36(0) 37(0) 38(0) 39(0) 40(0) 41(0) 42(0) 43(0) 44(0) 45(0) 46(0) 47(0) 47(1) 49(0) 

--- lines

i=1, index=0, paragraph-start=1, dir=ltr 'This is a test of the automatic emergency brake!
'
i=2, index=49, paragraph-start=1, dir=ltr ''

--- runs

i=1, index=0, chars=12, level=0, gravity=south, flags=0, font=OMITTED, script=latin, language=en-us, 'This is a te'
i=2, index=12, chars=26, level=0, gravity=south, flags=2, font=OMITTED, script=common, language=en-us, 'st of the automatic emerge'
[0,2147483647]fallback=0
i=3, index=38, chars=3, level=0, gravity=south, flags=0, font=OMITTED, script=latin, language=en-us, 'ncy'
[22,41]foreground=#00000000ffff
[22,41]underline=1
i=4, index=41, chars=7, level=0, gravity=south, flags=0, font=OMITTED, script=latin, language=en-us, ' brake!'
i=5, index=48, no run, line end
i=6, index=49, no run, line end
