ABC😀️D

--- parameters

wrapped: 0
ellipsized: 0
lines: 2

--- attributes

range 0 2147483647

--- directions

0 0 0 0 0 0 0 

--- cursor positions

0(0) 1(0) 2(0) 3(0) 10(0) 10(1) 12(0) 

--- lines

i=1, index=0, paragraph-start=1, dir=ltr 'ABC😀️D
'
i=2, index=12, paragraph-start=1, dir=ltr ''

--- runs

i=1, index=0, chars=3, level=0, gravity=south, flags=0, font=OMITTED, script=latin, language=en-us, 'ABC'
i=2, index=3, chars=2, level=0, gravity=south, flags=0, font=OMITTED, script=latin, language=en-us, '😀️'
i=3, index=10, chars=1, level=0, gravity=south, flags=0, font=OMITTED, script=latin, language=en-us, 'D'
i=4, index=11, no run, line end
i=5, index=12, no run, line end
