This is a test of the automatic emergency brake!

---

wrapped: 0
ellipsized: 1
lines: 2
width: 225280

---

range 0 22
range 22 41
[22 41] foreground #00000000ffff
[22 41] underline 1
range 41 2147483647

---

i=1, index=0, paragraph-start=1, dir=ltr 'This is a test of the automatic emergency brake!
'
i=2, index=49, paragraph-start=1, dir=ltr ''

---

i=1, index=0, chars=22, level=0, gravity=south, flags=0, font=OMITTED, script=latin, language=c, 'This is a test of the '
i=2, index=22, chars=11, level=0, gravity=south, flags=0, font=OMITTED, script=latin, language=c, 'automatic e'
  [22 41] foreground #00000000ffff
  [22 41] underline 1
i=3, index=33, chars=15, level=0, gravity=south, flags=2, font=OMITTED, script=common, language=c, 'mergency brake!'
  [0 2147483647] fallback 0
  [22 41] foreground #00000000ffff
  [22 41] underline 1
i=4, index=48, no run, line end
i=5, index=49, no run, line end
