some|bla|bla|bla

--- parameters

wrapped: 1
ellipsized: 0
lines: 3
width: 102400

--- attributes

range 0 2147483647

--- directions

0 0 0 0 0 0 0 0 0 0 0 0 0 0 0 0 0 

--- cursor positions

0(0) 1(0) 2(0) 3(0) 4(0) 5(0) 6(0) 7(0) 8(0) 9(0) 10(0) 11(0) 12(0) 12(1) 14(0) 15(0) 15(1) 17(0) 

--- lines

i=1, index=0, paragraph-start=1, dir=ltr 'some|bla|bla|'
i=2, index=13, paragraph-start=0, dir=ltr 'bla
'
i=3, index=17, paragraph-start=1, dir=ltr ''

--- runs

i=1, index=0, chars=13, level=0, gravity=south, flags=4, font=OMITTED, script=latin, language=en-us, 'some|bla|bla|'
i=2, index=13, no run, line end
i=3, index=13, chars=3, level=0, gravity=south, flags=0, font=OMITTED, script=latin, language=en-us, 'bla'
i=4, index=16, no run, line end
i=5, index=17, no run, line end
