<span lang='ca-es'>És una prova d'instal·lació</span>

Items:  És una prova d'instal·lació
Chars:  27(0)                         
Font:   Nimbus Roman, 12              
Script: latin                         
Lang:   ca-es                         
Bidi:   0                             
Attrs:                                
