<span font="Cantarell 11">one <span font_features="tnum=0">tw<u>o</u> <span font_features="dlig=1">two</span> </span>th<b>r</b>ee</span>

Items:  one two two th                                                              |r                |ee          
Chars:  14(0)                                                                       |1(14)            |2(15)       
Font:   Cantarell 11                                                                |Cantarell Bold 11|Cantarell 11
Script: latin                                                                       |latin            |latin       
Lang:   en-us                                                                       |en-us            |en-us       
Bidi:   0                                                                           |0                |0           
Attrs:  8 11 font-features "dlig=1",6 7 underline single,4 12 font-features "tnum=0"|                 |            
