Text:         我  能  吞  下  玻  璃  而  不  傷  身  體  [0x0a] 
Breaks:     c  lc lc lc lc lc lc lc lc lc lc c       c
Whitespace:                                  w       w
Words:      bs b  b  b  b  b  b  b  b  b  b  be      b
Sentences:  bs                               e       b
Graphemes:  b  b  b  b  b  b  b  b  b  b  b  b       b
