Text:         ⁦2⁩ ⁦0⁩ ⁦0⁩  [ ]  ⁦2⁩ ⁦4⁩ ⁦.⁩ ⁦1⁩ ⁦0⁩  [ ]  ⁦9⁩ ⁦9⁩  ⁦%⁩ [ ]  ⁦a⁩ ⁦l⁩ ⁦p⁩ ⁦h⁩ ⁦a⁩ ⁦1⁩ ⁦0⁩ ⁦b⁩ ⁦e⁩ ⁦t⁩ ⁦a⁩  [ ]  ⁦1⁩ ⁦0⁩ ⁦0⁩  ⁦-⁩  ⁦1⁩ ⁦0⁩  [ ]  ⁦g⁩ ⁦r⁩ ⁦e⁩ ⁦e⁩ ⁦k⁩  ⁦-⁩  ⁦r⁩ ⁦o⁩ ⁦m⁩ ⁦a⁩ ⁦n⁩  [0x0a]  
Breaks:     c  c c c    lc c c c c c    lc c c  c   lc c c c c c c c c c c c    lc c c c  c  c c    lc c c c c c  lc c c c c c       Lc
Whitespace:        x               x            x                          x                   x                             w       w 
Sentences:  bs                                                                                                               e       b 
Words:      bs     be   bs   e s   be   bs   be b   bs                     be   bs     be bs   be   bs         be bs         be      b 
Graphemes:  b  b b b    b  b b b b b    b  b b  b   b  b b b b b b b b b b b    b  b b b  b  b b    b  b b b b b  b  b b b b b       b 
Hyphens:                                               i i i i i     i i i                             i i i i       i i i i           
