Text:         ⁦❤⁩⁦️⁩ ⁦︎⁩ ⁦︎⁩  ⁦👨⁩[0x200d] ⁦🦰⁩  ⁦👨⁩⁦🏿⁩[0x200d] ⁦🦱⁩  ⁦0⁩⁦️⁩ ⁦⃣⁩  ⁦🏴⁩[0xe0075][0xe0073][0xe0063][0xe0061][0xe007f]  ⁦🇩⁩⁦🇪⁩⁦️⁩ [0x0a]  
Breaks:     c       lc           lc            lc    lc                                              lc   c      Lc
Whitespace:                                                                                               w      w 
Sentences:  bs                                                                                            e      b 
Words:      b       b            b             bs    be                                              b    b      b 
Graphemes:  b       b            b             b     b                                               b    b      b 
Hyphens:        i i            i             i     i                                                               
