Text:         ⁦É⁩ ⁦s⁩  [ ]  ⁦u⁩ ⁦n⁩ ⁦a⁩  [ ]  ⁦p⁩ ⁦r⁩ ⁦o⁩ ⁦v⁩ ⁦a⁩  [ ]  ⁦d⁩ ⁦'⁩ ⁦i⁩ ⁦n⁩ ⁦s⁩ ⁦t⁩ ⁦a⁩ ⁦l⁩ ⁦·⁩ ⁦l⁩ ⁦a⁩ ⁦c⁩ ⁦i⁩ ⁦ó⁩  [0x0a]  ⁦É⁩ ⁦s⁩  [ ]  ⁦u⁩ ⁦n⁩ ⁦a⁩  [ ]  ⁦p⁩ ⁦r⁩ ⁦o⁩ ⁦v⁩ ⁦a⁩  [ ]  ⁦d⁩ ⁦'⁩ ⁦i⁩ ⁦n⁩ ⁦s⁩ ⁦t⁩ ⁦a⁩ ⁦l⁩ ⁦·⁩ ⁦l⁩ ⁦a⁩ ⁦c⁩ ⁦i⁩ ⁦ó⁩  [0x0a]  ⁦É⁩ ⁦s⁩  [ ]  ⁦u⁩ ⁦n⁩ ⁦a⁩  [ ]  ⁦p⁩ ⁦r⁩ ⁦o⁩ ⁦v⁩ ⁦a⁩  [ ]  ⁦d⁩ ⁦'⁩ ⁦i⁩ ⁦n⁩ ⁦s⁩ ⁦t⁩ ⁦a⁩ ⁦l⁩ ⁦·⁩ ⁦l⁩ ⁦a⁩ ⁦c⁩ ⁦i⁩ ⁦ó⁩  [0x0a]  
Breaks:     c  c c    lc c c c    lc c c c c c    lc c c c c c c c c c c c c c c       Lc c c    lc c c c    lc c c c c c    lc c c c c c c c c c c c c c c       Lc c c    lc c c c    lc c c c c c    lc c c c c c c c c c c c c c c       Lc
Whitespace:      x           x               x                                 w            x           x               x                                 w            x           x               x                                 w       w 
Sentences:  bs                                                                 e       bs                                                                 e       bs                                                                 e       b 
Words:      bs   be   bs     be   bs         be   bs e s                       be      bs   be   bs     be   bs         be   bs e s                       be      bs   be   bs     be   bs         be   bs e s           e s         be      b 
Graphemes:  b  b b    b  b b b    b  b b b b b    b  b b b b b b b b b b b b b b       b  b b    b  b b b    b  b b b b b    b  b b b b b b b b b b b b b b       b  b b    b  b b b    b  b b b b b    b  b b b b b b b b b b b b b b       b 
Hyphens:       i         i i         i i i i             i i i i i     i i i i            i         i i         i i i i             i i i i i     i i i i            i         i i         i i i i             i i i i i     i i i i           
