Text:         ⁦h⁩ ⁦y⁩ ⁦‧⁩  ⁦p⁩ ⁦h⁩ ⁦e⁩ ⁦n⁩  ⁦|⁩  ⁦a⁩ ⁦t⁩ ⁦i⁩ ⁦o⁩ ⁦n⁩  [ ]  ⁦o⁩ ⁦v⁩ ⁦e⁩ ⁦r⁩ [0xad]  ⁦l⁩ ⁦o⁩ ⁦a⁩ ⁦d⁩  [0x0a]  
Breaks:     c  c c lc c c c c  lc c c c c c    lc c c c c      lc c c c c       Lc
Whitespace:                               x                             w       w 
Sentences:  bs                                                          e       b 
Words:      bs   e s        be bs         be   bs                       be      b 
Graphemes:  b  b b b  b b b b  b  b b b b b    b  b b b b      b  b b b b       b 
Hyphens:       i   ri i i i       i i i i         i i i i      i  i i i           
