Text:         o n e  [ ]  t w o  [0x2028]  r e d  [ ]  b l u e[0x200d] g r e e n  [0x0a] 
Breaks:     c  c c c    lc c c c         Lc c c c    lc c c c         c c c c c c       c
Whitespace:        x           w                x                               w       w
Words:      bs     be   bs     be        bs     be   bs                         be      b
Sentences:  bs                 e         bs                                     e       b
Graphemes:  b  b b b    b  b b b         b  b b b    b  b b b         b b b b b b       b
