Text:         ⁦g⁩ ⁦o⁩ ⁦r⁩ ⁦i⁩ ⁦l⁩ ⁦‧⁩  ⁦l⁩ ⁦e⁩ ⁦s⁩  [0x0a]  
Breaks:     c  c c c c c lc c c c       Lc
Whitespace:                     w       w 
Sentences:  bs                  e       b 
Words:      bs         e s      be      b 
Graphemes:  b  b b b b b b  b b b       b 
Hyphens:       i i i i   ri i i           
